// Jest Snapshot v1, https://goo.gl/fbAQLP

exports[`compileFlow compiles a valid graph deterministically (snapshot) 1`] = `
"## FLOW: Rumore strano

Steps are NUMBERED and must be followed in the order the branches dictate.
Ask ONE step at a time, then follow the branch matching the answer.

### STEP 1 — Q: Il robot è acceso?
- If "Sì" → go to STEP 2: "Il wifi è connesso?"

### STEP 2 — Q: Il wifi è connesso?
(collect as: wifiStatus, type: boolean)
- If "Sì" → go to STEP 3: "Check falliti, serve un tecnico."

### STEP 3 — Q: Check falliti, serve un tecnico.
(terminal: ESCALATE, allowed tools: remember, escalate_to_operator)
"
`;

exports[`compileFlow compiles a valid graph deterministically (snapshot) 2`] = `
"Rumore strano
vibra, cigola
Il robot è acceso?
Il wifi è connesso?
Check falliti, serve un tecnico."
`;
